// Jest Snapshot v1, https://goo.gl/fbAQLP

exports[`PersonalScheduleButton renders correctly 1`] = `
<View
  accessibilityComponentType={undefined}
  accessibilityLabel={undefined}
  accessibilityTraits={undefined}
  accessible={true}
  hitSlop={undefined}
  nativeID={undefined}
  onLayout={undefined}
  onResponderGrant={[Function]}
  onResponderMove={[Function]}
  onResponderRelease={[Function]}
  onResponderTerminate={[Function]}
  onResponderTerminationRequest={[Function]}
  onStartShouldSetResponder={[Function]}
  style={
    Array [
      Object {
        "alignItems": "center",
        "backgroundColor": "#35e2aa",
        "bottom": 0,
        "flex": 1,
        "height": 56,
        "justifyContent": "center",
        "position": "absolute",
        "shadowColor": "black",
        "shadowOffset": Object {
          "x": -5,
        },
        "shadowOpacity": 0.5,
        "shadowRadius": 12,
        "width": 750,
      },
      null,
      null,
    ]
  }
  testID={undefined}
>
  <Text
    accessible={true}
    allowFontScaling={true}
    ellipsizeMode="tail"
    style={
      Object {
        "color": "white",
        "fontSize": 16,
        "fontWeight": "600",
      }
    }
  >
    My Schedule
  </Text>
</View>
`;
