// Jest Snapshot v1, https://goo.gl/fbAQLP

exports[`ScheduleItemButton renders correctly 1`] = `
<Image
  accessibilityComponentType={undefined}
  accessibilityLabel={undefined}
  accessibilityTraits={undefined}
  accessible={true}
  hitSlop={undefined}
  nativeID={undefined}
  onLayout={undefined}
  onResponderGrant={[Function]}
  onResponderMove={[Function]}
  onResponderRelease={[Function]}
  onResponderTerminate={[Function]}
  onResponderTerminationRequest={[Function]}
  onStartShouldSetResponder={[Function]}
  source={1}
  style={
    Object {
      "height": 20,
      "width": 20,
    }
  }
  testID={undefined}
/>
`;
